// Jest Snapshot v1, https://goo.gl/fbAQLP

exports[`MoviesList should render correctly 1`] = `
<div
  className="catalog__movies-list"
>
  <article
    className="small-movie-card catalog__movies-card"
    onHover={[Function]}
  >
    <div
      className="small-movie-card__image"
    >
      <img
        alt="Movie 1"
        height="175"
        src="pic 1"
        width="280"
      />
    </div>
    <h3
      className="small-movie-card__title"
    >
      <a
        className="small-movie-card__link"
        href="movie-page.html"
        onClick={[Function]}
      >
        Movie 1
      </a>
    </h3>
  </article>
  <article
    className="small-movie-card catalog__movies-card"
    onHover={[Function]}
  >
    <div
      className="small-movie-card__image"
    >
      <img
        alt="Movie 2"
        height="175"
        src="pic 2"
        width="280"
      />
    </div>
    <h3
      className="small-movie-card__title"
    >
      <a
        className="small-movie-card__link"
        href="movie-page.html"
        onClick={[Function]}
      >
        Movie 2
      </a>
    </h3>
  </article>
  <article
    className="small-movie-card catalog__movies-card"
    onHover={[Function]}
  >
    <div
      className="small-movie-card__image"
    >
      <img
        alt="Movie 3"
        height="175"
        src="pic 3"
        width="280"
      />
    </div>
    <h3
      className="small-movie-card__title"
    >
      <a
        className="small-movie-card__link"
        href="movie-page.html"
        onClick={[Function]}
      >
        Movie 3
      </a>
    </h3>
  </article>
</div>
`;
