// Jest Snapshot v1, https://goo.gl/fbAQLP

exports[`MovieCard should render correctly 1`] = `
<article
  className="small-movie-card catalog__movies-card"
  onHover={[Function]}
>
  <div
    className="small-movie-card__image"
  >
    <img
      alt="Movie 1"
      height="175"
      src="pic 1"
      width="280"
    />
  </div>
  <h3
    className="small-movie-card__title"
  >
    <a
      className="small-movie-card__link"
      href="movie-page.html"
      onClick={[Function]}
    >
      Movie 1
    </a>
  </h3>
</article>
`;
